// Jest Snapshot v1, https://goo.gl/fbAQLP

exports[`Xterm renders correctly 1`] = `<div />`;
